TAP version 13
# Subtest: synthetic authentic current complete evidence is verified for scope only
ok 1 - synthetic authentic current complete evidence is verified for scope only
  ---
  duration_ms: 1.378708
  type: 'test'
  ...
# Subtest: reject missing evidence identity, even when signed by fixture issuer
ok 2 - reject missing evidence identity, even when signed by fixture issuer
  ---
  duration_ms: 0.582625
  type: 'test'
  ...
# Subtest: reject missing required result, even when signed by fixture issuer
ok 3 - reject missing required result, even when signed by fixture issuer
  ---
  duration_ms: 0.392625
  type: 'test'
  ...
# Subtest: reject failed result, even when signed by fixture issuer
ok 4 - reject failed result, even when signed by fixture issuer
  ---
  duration_ms: 0.329916
  type: 'test'
  ...
# Subtest: reject nonzero exit, even when signed by fixture issuer
ok 5 - reject nonzero exit, even when signed by fixture issuer
  ---
  duration_ms: 0.589667
  type: 'test'
  ...
# Subtest: reject timeout, even when signed by fixture issuer
ok 6 - reject timeout, even when signed by fixture issuer
  ---
  duration_ms: 0.320917
  type: 'test'
  ...
# Subtest: reject skipped status, even when signed by fixture issuer
ok 7 - reject skipped status, even when signed by fixture issuer
  ---
  duration_ms: 0.321292
  type: 'test'
  ...
# Subtest: reject not executed, even when signed by fixture issuer
ok 8 - reject not executed, even when signed by fixture issuer
  ---
  duration_ms: 0.269792
  type: 'test'
  ...
# Subtest: reject zero tests, even when signed by fixture issuer
ok 9 - reject zero tests, even when signed by fixture issuer
  ---
  duration_ms: 0.97325
  type: 'test'
  ...
# Subtest: reject reduced test discovery, even when signed by fixture issuer
ok 10 - reject reduced test discovery, even when signed by fixture issuer
  ---
  duration_ms: 0.659417
  type: 'test'
  ...
# Subtest: reject skipped test, even when signed by fixture issuer
ok 11 - reject skipped test, even when signed by fixture issuer
  ---
  duration_ms: 0.3605
  type: 'test'
  ...
# Subtest: reject incomplete passing count, even when signed by fixture issuer
ok 12 - reject incomplete passing count, even when signed by fixture issuer
  ---
  duration_ms: 0.292625
  type: 'test'
  ...
# Subtest: reject negative count, even when signed by fixture issuer
ok 13 - reject negative count, even when signed by fixture issuer
  ---
  duration_ms: 0.275667
  type: 'test'
  ...
# Subtest: reject missing assertion, even when signed by fixture issuer
ok 14 - reject missing assertion, even when signed by fixture issuer
  ---
  duration_ms: 0.255417
  type: 'test'
  ...
# Subtest: reject duplicate assertion, even when signed by fixture issuer
ok 15 - reject duplicate assertion, even when signed by fixture issuer
  ---
  duration_ms: 0.25975
  type: 'test'
  ...
# Subtest: reject duplicate result, even when signed by fixture issuer
ok 16 - reject duplicate result, even when signed by fixture issuer
  ---
  duration_ms: 0.2595
  type: 'test'
  ...
# Subtest: reject unknown result, even when signed by fixture issuer
ok 17 - reject unknown result, even when signed by fixture issuer
  ---
  duration_ms: 0.260625
  type: 'test'
  ...
# Subtest: reject changed check definition, even when signed by fixture issuer
ok 18 - reject changed check definition, even when signed by fixture issuer
  ---
  duration_ms: 0.249541
  type: 'test'
  ...
# Subtest: reject missing observer, even when signed by fixture issuer
ok 19 - reject missing observer, even when signed by fixture issuer
  ---
  duration_ms: 0.264833
  type: 'test'
  ...
# Subtest: reject invalid log hash, even when signed by fixture issuer
ok 20 - reject invalid log hash, even when signed by fixture issuer
  ---
  duration_ms: 0.253292
  type: 'test'
  ...
# Subtest: reject changed source, even when signed by fixture issuer
ok 21 - reject changed source, even when signed by fixture issuer
  ---
  duration_ms: 0.255375
  type: 'test'
  ...
# Subtest: reject changed artifact, even when signed by fixture issuer
ok 22 - reject changed artifact, even when signed by fixture issuer
  ---
  duration_ms: 0.252417
  type: 'test'
  ...
# Subtest: reject changed environment, even when signed by fixture issuer
ok 23 - reject changed environment, even when signed by fixture issuer
  ---
  duration_ms: 0.260583
  type: 'test'
  ...
# Subtest: reject changed policy, even when signed by fixture issuer
ok 24 - reject changed policy, even when signed by fixture issuer
  ---
  duration_ms: 0.242291
  type: 'test'
  ...
# Subtest: reject wrong project, even when signed by fixture issuer
ok 25 - reject wrong project, even when signed by fixture issuer
  ---
  duration_ms: 0.251
  type: 'test'
  ...
# Subtest: reject wrong run, even when signed by fixture issuer
ok 26 - reject wrong run, even when signed by fixture issuer
  ---
  duration_ms: 0.240417
  type: 'test'
  ...
# Subtest: reject wrong candidate, even when signed by fixture issuer
ok 27 - reject wrong candidate, even when signed by fixture issuer
  ---
  duration_ms: 0.241208
  type: 'test'
  ...
# Subtest: reject expired attempt, even when signed by fixture issuer
ok 28 - reject expired attempt, even when signed by fixture issuer
  ---
  duration_ms: 0.239125
  type: 'test'
  ...
# Subtest: reject requirement change, even when signed by fixture issuer
ok 29 - reject requirement change, even when signed by fixture issuer
  ---
  duration_ms: 0.245083
  type: 'test'
  ...
# Subtest: reject issuer substitution, even when signed by fixture issuer
ok 30 - reject issuer substitution, even when signed by fixture issuer
  ---
  duration_ms: 0.285667
  type: 'test'
  ...
# Subtest: reject source changed during verification, even when signed by fixture issuer
ok 31 - reject source changed during verification, even when signed by fixture issuer
  ---
  duration_ms: 0.247666
  type: 'test'
  ...
# Subtest: reject blocking review finding, even when signed by fixture issuer
ok 32 - reject blocking review finding, even when signed by fixture issuer
  ---
  duration_ms: 0.249083
  type: 'test'
  ...
# Subtest: reject missing blocking finding field, even when signed by fixture issuer
ok 33 - reject missing blocking finding field, even when signed by fixture issuer
  ---
  duration_ms: 0.253917
  type: 'test'
  ...
# Subtest: reject future finish, even when signed by fixture issuer
ok 34 - reject future finish, even when signed by fixture issuer
  ---
  duration_ms: 0.246583
  type: 'test'
  ...
# Subtest: reject invalid timestamp, even when signed by fixture issuer
ok 35 - reject invalid timestamp, even when signed by fixture issuer
  ---
  duration_ms: 0.244375
  type: 'test'
  ...
# Subtest: reject finish before start, even when signed by fixture issuer
ok 36 - reject finish before start, even when signed by fixture issuer
  ---
  duration_ms: 0.242792
  type: 'test'
  ...
# Subtest: reject evidence before candidate, even when signed by fixture issuer
ok 37 - reject evidence before candidate, even when signed by fixture issuer
  ---
  duration_ms: 0.249542
  type: 'test'
  ...
# Subtest: reject missing results, even when signed by fixture issuer
ok 38 - reject missing results, even when signed by fixture issuer
  ---
  duration_ms: 0.243959
  type: 'test'
  ...
# Subtest: reject string count, even when signed by fixture issuer
ok 39 - reject string count, even when signed by fixture issuer
  ---
  duration_ms: 0.246458
  type: 'test'
  ...
# Subtest: reject unsupported evidence schema, even when signed by fixture issuer
ok 40 - reject unsupported evidence schema, even when signed by fixture issuer
  ---
  duration_ms: 0.243625
  type: 'test'
  ...
# Subtest: reject expired evidence
ok 41 - reject expired evidence
  ---
  duration_ms: 0.204833
  type: 'test'
  ...
# Subtest: reject advisory policy
ok 42 - reject advisory policy
  ---
  duration_ms: 0.12075
  type: 'test'
  ...
# Subtest: reject empty policy
ok 43 - reject empty policy
  ---
  duration_ms: 0.433667
  type: 'test'
  ...
# Subtest: reject all optional policy
ok 44 - reject all optional policy
  ---
  duration_ms: 0.210833
  type: 'test'
  ...
# Subtest: reject duplicate definition
ok 45 - reject duplicate definition
  ---
  duration_ms: 0.189916
  type: 'test'
  ...
# Subtest: reject zero-test behavioral policy
ok 46 - reject zero-test behavioral policy
  ---
  duration_ms: 0.186541
  type: 'test'
  ...
# Subtest: reject revoked key
ok 47 - reject revoked key
  ---
  duration_ms: 0.102542
  type: 'test'
  ...
# Subtest: reject unknown issuer
ok 48 - reject unknown issuer
  ---
  duration_ms: 0.100875
  type: 'test'
  ...
# Subtest: reject missing trusted attempt
ok 49 - reject missing trusted attempt
  ---
  duration_ms: 0.102291
  type: 'test'
  ...
# Subtest: reject unapproved policy issuer
ok 50 - reject unapproved policy issuer
  ---
  duration_ms: 0.107875
  type: 'test'
  ...
# Subtest: reject wrong policy revision
ok 51 - reject wrong policy revision
  ---
  duration_ms: 0.190708
  type: 'test'
  ...
# Subtest: reject unsupported signature algorithm
ok 52 - reject unsupported signature algorithm
  ---
  duration_ms: 0.1065
  type: 'test'
  ...
# Subtest: reject malformed base64
ok 53 - reject malformed base64
  ---
  duration_ms: 0.104125
  type: 'test'
  ...
# Subtest: reject oversized envelope
ok 54 - reject oversized envelope
  ---
  duration_ms: 0.106584
  type: 'test'
  ...
# Subtest: reject payload altered after signing
ok 55 - reject payload altered after signing
  ---
  duration_ms: 0.224875
  type: 'test'
  ...
# Subtest: reject signature replaced
ok 56 - reject signature replaced
  ---
  duration_ms: 0.175042
  type: 'test'
  ...
# Subtest: missing and malformed top-level inputs fail closed
ok 57 - missing and malformed top-level inputs fail closed
  ---
  duration_ms: 0.043792
  type: 'test'
  ...
# Subtest: trusted verifier can transition with current evidence and state version
ok 58 - trusted verifier can transition with current evidence and state version
  ---
  duration_ms: 0.059375
  type: 'test'
  ...
# Subtest: worker role cannot assign ready state
ok 59 - worker role cannot assign ready state
  ---
  duration_ms: 0.029125
  type: 'test'
  ...
# Subtest: stale state version cannot transition
ok 60 - stale state version cannot transition
  ---
  duration_ms: 0.023083
  type: 'test'
  ...
# Subtest: missing trusted evidence guard cannot transition
ok 61 - missing trusted evidence guard cannot transition
  ---
  duration_ms: 0.026291
  type: 'test'
  ...
# Subtest: unlisted transition cannot occur
ok 62 - unlisted transition cannot occur
  ---
  duration_ms: 0.024834
  type: 'test'
  ...
# Subtest: malformed transition requests fail closed without throwing
ok 63 - malformed transition requests fail closed without throwing
  ---
  duration_ms: 0.02775
  type: 'test'
  ...
# Subtest: inherited guard values cannot grant a transition
ok 64 - inherited guard values cannot grant a transition
  ---
  duration_ms: 0.028291
  type: 'test'
  ...
# Subtest: intake blocker and cancellation have lifecycle transitions
ok 65 - intake blocker and cancellation have lifecycle transitions
  ---
  duration_ms: 0.095083
  type: 'test'
  ...
# Subtest: precontract resume can return to intake, not unauthorized engineering
ok 66 - precontract resume can return to intake, not unauthorized engineering
  ---
  duration_ms: 0.026583
  type: 'test'
  ...
# Subtest: signed evidence with date-only timestamps is unverified
ok 67 - signed evidence with date-only timestamps is unverified
  ---
  duration_ms: 0.252334
  type: 'test'
  ...
1..67
# tests 67
# suites 0
# pass 67
# fail 0
# cancelled 0
# skipped 0
# todo 0
# duration_ms 65.115208
