{
  "status": "FAIL",
  "checks": [
    "Required files and eight plans",
    "Parsed 37 JSON files",
    "Draft2020-12 schema and 32 example instances, with format checking",
    "80 requirements mapped to 33 tasks and 33 concrete scenario groups; dependencies acyclic",
    "Research-to-requirement adoption pointers validated; not source-claim or efficacy verification",
    "State-machine/schema identities and authoritative actor guards",
    "Open-ended engineering context, six all-stack requirements, and matching plan/scenario assertions",
    "OpenAPI local refs, operation IDs, paths, auth/idempotency structure; 39 operations",
    "Markdown local links, code fences, unresolved-marker scan",
    "No PEM private signing-key material included"
  ],
  "not_run": [
    "Full OpenAPI tooling validation and implementation conformance"
  ],
  "errors": [
    "Private key material included tests/scenarios/T19.scenarios.ts"
  ]
}
